23.8s 1 0.00s - Debugger warning: It seems that frozen modules are being used, which may
34.2s 2 0.00s - make the debugger miss breakpoints. Please pass -Xfrozen_modules=off
40.2s 3 0.00s - to python to disable frozen modules.
44.1s 4 0.00s - Note: Debugging will proceed. Set PYDEVD_DISABLE_FILE_VALIDATION=1 to disable this validation.

45.8s 6 0.00s - ✅ Cell 1 executed successfully with an 80/20 train/test split!
48.5s 7 0.00s - Train Features Shape: (80000, 20), Test Features Shape: (20000, 20)
58.5s 8 0.00s - 🏋️‍♂️ Training models across 5 folds...
59.2s 9 -> Processing Fold 1/5
71.7s 10 -> Processing Fold 2/5
74.9s 11 -> Processing Fold 3/5
79.5s 12 -> Processing Fold 4/5
82.1s 13 -> Processing Fold 5/5
90.3s 14 0.00s - ✅ Training complete!

99.7s 16 0.00s - ⚙️ Tuning ensemble weights and class thresholds...
104.8s 17 ==================================================
107.1s 18 0.00s - 🏆 LOCAL IN-HOUSE BALANCED ACCURACY: 0.99553
120.1s 19 ==================================================

130.1s 21 0.00s - 🔮 UNSEEN HOLD-OUT TEST BALANCED ACCURACY: 0.99643
141.3s 22 ==================================================
148.4s 23 0.00s - 🧹 Cleaned directory!
161.5s 24 0.00s - 📁 Created 'submission.csv' with shape: (20000, 2)

175.8s 26 0.00s - Current output directory contents:
186.2s 27 ['__notebook__.ipynb', 'submission.csv']
