22.7s 1 0.00s - Debugger warning: It seems that frozen modules are being used, which may
29.7s 2 0.00s - make the debugger miss breakpoints. Please pass -Xfrozen_modules=off
39.0s 3 0.00s - to python to disable frozen modules.
46.9s 4 0.00s - Note: Debugging will proceed. Set PYDEVD_DISABLE_FILE_VALIDATION=1 to disable this validation.

54.8s 6 0.00s - ✅ Cell 1 executed successfully with an 80/20 train/test split!
65.3s 7 0.00s - Train Features Shape: (80000, 12), Test Features Shape: (20000, 12)
72.4s 8 0.00s - 🏋️‍♂️ Training models across 5 folds...
80.6s 9 -> Processing Fold 1/5
88.1s 10 -> Processing Fold 2/5
102.2s 11 -> Processing Fold 3/5
112.9s 12 -> Processing Fold 4/5
126.1s 13 -> Processing Fold 5/5
140.2s 14 0.00s - ✅ Training complete!

144.5s 16 0.00s - ⚙️ Tuning ensemble weights and class thresholds...
153.1s 17 ==================================================
167.3s 18 0.00s - 🏆 LOCAL IN-HOUSE BALANCED ACCURACY: 0.99632
180.0s 19 ==================================================

182.2s 21 0.00s - 🔮 UNSEEN HOLD-OUT TEST BALANCED ACCURACY: 0.99559
189.1s 22 ==================================================
190.7s 23 0.00s - 🧹 Cleaned directory!
194.7s 24 0.00s - 📁 Created 'submission.csv' with shape: (20000, 2)

196.2s 26 0.00s - Current output directory contents:
206.4s 27 ['__notebook__.ipynb', 'submission.csv']
