16.1s 1 0.00s - Debugger warning: It seems that frozen modules are being used, which may
28.8s 2 0.00s - make the debugger miss breakpoints. Please pass -Xfrozen_modules=off
43.0s 3 0.00s - to python to disable frozen modules.
50.4s 4 0.00s - Note: Debugging will proceed. Set PYDEVD_DISABLE_FILE_VALIDATION=1 to disable this validation.

60.5s 6 0.00s - ✅ Cell 1 executed successfully with an 80/20 train/test split!
61.9s 7 0.00s - Train Features Shape: (60000, 42), Test Features Shape: (15000, 42)
72.5s 8 0.00s - 🏋️‍♂️ Training models across 7 folds...
82.4s 9 -> Processing Fold 1/7
97.3s 10 -> Processing Fold 2/7
109.7s 11 -> Processing Fold 3/7
114.4s 12 -> Processing Fold 4/7
120.5s 13 -> Processing Fold 5/7
130.7s 14 -> Processing Fold 6/7
131.5s 15 -> Processing Fold 7/7
138.7s 16 0.00s - ✅ Training complete!

141.6s 18 0.00s - ⚙️ Tuning ensemble weights and class thresholds...
143.8s 19 ==================================================
145.2s 20 0.00s - 🏆 LOCAL IN-HOUSE BALANCED ACCURACY: 0.99364
156.8s 21 ==================================================

160.9s 23 0.00s - 🔮 UNSEEN HOLD-OUT TEST BALANCED ACCURACY: 0.9929
167.1s 24 ==================================================
180.2s 25 0.00s - 🧹 Cleaned directory!
181.9s 26 0.00s - 📁 Created 'submission.csv' with shape: (15000, 2)

188.9s 28 0.00s - Current output directory contents:
197.4s 29 ['__notebook__.ipynb', 'submission.csv']
