19.8s 1 0.00s - Debugger warning: It seems that frozen modules are being used, which may
28.5s 2 0.00s - make the debugger miss breakpoints. Please pass -Xfrozen_modules=off
38.0s 3 0.00s - to python to disable frozen modules.
45.7s 4 0.00s - Note: Debugging will proceed. Set PYDEVD_DISABLE_FILE_VALIDATION=1 to disable this validation.

53.9s 6 0.00s - ✅ Cell 1 executed successfully with an 80/20 train/test split!
65.7s 7 0.00s - Train Features Shape: (40000, 20), Test Features Shape: (10000, 20)
72.9s 8 0.00s - 🏋️‍♂️ Training models across 10 folds...
86.8s 9 -> Processing Fold 1/10
92.5s 10 -> Processing Fold 2/10
96.6s 11 -> Processing Fold 3/10
99.8s 12 -> Processing Fold 4/10
111.6s 13 -> Processing Fold 5/10
113.2s 14 -> Processing Fold 6/10
118.1s 15 -> Processing Fold 7/10
125.8s 16 -> Processing Fold 8/10
131.3s 17 -> Processing Fold 9/10
138.3s 18 -> Processing Fold 10/10
147.6s 19 0.00s - ✅ Training complete!

149.2s 21 0.00s - ⚙️ Tuning ensemble weights and class thresholds...
157.1s 22 ==================================================
160.0s 23 0.00s - 🏆 LOCAL IN-HOUSE BALANCED ACCURACY: 0.98645
165.4s 24 ==================================================

172.1s 26 0.00s - 🔮 UNSEEN HOLD-OUT TEST BALANCED ACCURACY: 0.98732
186.5s 27 ==================================================
188.1s 28 0.00s - 🧹 Cleaned directory!
196.7s 29 0.00s - 📁 Created 'submission.csv' with shape: (10000, 2)

208.7s 31 0.00s - Current output directory contents:
221.0s 32 ['__notebook__.ipynb', 'submission.csv']
