3.2s 1 0.00s - Debugger warning: It seems that frozen modules are being used, which may
3.2s 2 0.00s - make the debugger miss breakpoints. Please pass -Xfrozen_modules=off
3.2s 3 0.00s - to python to disable frozen modules.
3.2s 4 0.00s - Note: Debugging will proceed. Set PYDEVD_DISABLE_FILE_VALIDATION=1 to disable this validation.
11.4s 5 
11.4s 6 ✅ Cell 1 executed successfully with an 80/20 train/test split!
11.4s 7 Train Features Shape: (120000, 42), Test Features Shape: (30000, 42)
16.8s 8 🏋️‍♂️ Training models across 5 folds...
16.8s 9 -> Processing Fold 1/5
41.2s 10 -> Processing Fold 2/5
65.9s 11 -> Processing Fold 3/5
66.3s 12 Epoch 1/20 - loss: 0.6931 - val_loss: 0.6902
67.1s 13 Epoch 2/20 - loss: 0.5810 - val_loss: 0.5774
67.9s 14 Epoch 3/20 - loss: 0.4972 - val_loss: 0.5103
68.7s 15 Epoch 4/20 - loss: 0.4301 - val_loss: 0.4890
69.5s 16 Epoch 5/20 - loss: 0.3778 - val_loss: 0.4712
70.4s 17 ---------------------------------------------------------------------
70.4s 18 RuntimeError                             Traceback (most recent call last)
70.4s 19 Cell In[14], line 87
70.4s 20      85 for epoch in range(num_epochs):
70.4s 21      86     optimizer.zero_grad()
70.4s 22 ---> 87     outputs = model(batch_x.to(device))
70.4s 23      88     loss = criterion(outputs, batch_y.to(device))
70.4s 24      89     loss.backward()
70.4s 25 
70.4s 26 File /usr/local/lib/python3.12/dist-packages/torch/nn/modules/module.py:1553, in Module._call_impl(self, *args, **kwargs)
70.4s 27    1550     return forward_call(*args, **kwargs)
70.4s 28 
70.4s 29 File /usr/local/lib/python3.12/dist-packages/torch/cuda/memory.py:88, in _malloc(size)
70.4s 30 RuntimeError: CUDA out of memory. Tried to allocate 2.14 GiB (GPU 0; 15.89 GiB total capacity; 14.02 GiB already allocated; 612.00 MiB free; 14.31 GiB reserved in total by PyTorch)
70.4s 31 
70.4s 32 If reserved memory is >> allocated memory try setting PYTORCH_CUDA_ALLOC_CONF=expandable_segments:True to avoid fragmentation.
70.5s 33 -> Processing Fold 4/5
70.5s 34 ---------------------------------------------------------------------
70.5s 35 RuntimeError                             Traceback (most recent call last)
70.5s 36 Cell In[14], line 87
70.5s 37 RuntimeError: CUDA out of memory. Tried to allocate 2.14 GiB (GPU 0; 15.89 GiB total capacity; 14.02 GiB already allocated; 612.00 MiB free; 14.31 GiB reserved in total by PyTorch)
70.5s 38 -> Processing Fold 5/5
70.5s 39 ---------------------------------------------------------------------
70.5s 40 RuntimeError                             Traceback (most recent call last)
70.5s 41 Cell In[14], line 87
70.5s 42 RuntimeError: CUDA out of memory. Tried to allocate 2.14 GiB (GPU 0; 15.89 GiB total capacity; 14.02 GiB already allocated; 612.00 MiB free; 14.31 GiB reserved in total by PyTorch)
70.6s 43 
70.6s 44 ❌ Training failed: 3/5 folds raised RuntimeError
70.6s 45 ⚠️ Falling back to last successful checkpoint (Fold 2)
70.7s 46 🧹 Cleaned directory!
70.7s 47 📁 Created 'submission.csv' with shape: (30000, 2)
70.8s 48
70.8s 49 Current output directory contents:
70.8s 50 ['__notebook__.ipynb', 'submission.csv']
74.1s 51 /usr/local/lib/python3.12/dist-packages/mistune.py:435: SyntaxWarning: invalid escape sequence '\|'
74.1s 52 cells[i][c] = re.sub('\\\\\|', '|', cell)
75.3s 53 [NbConvertApp] Converting notebook __notebook__.ipynb to notebook
75.6s 54 [NbConvertApp] Writing 12980 bytes to __notebook__.ipynb
78.9s 55 [NbConvertApp] Converting notebook __notebook__.ipynb to html
79.8s 56 [NbConvertApp] Writing 298114 bytes to __results__.html
